> Task :app:preBuild UP-TO-DATE
> Task :app:preDebugBuild UP-TO-DATE
> Task :app:mergeDebugNativeDebugMetadata NO-SOURCE
> Task :app:checkKotlinGradlePluginConfigurationErrors SKIPPED
> Task :app:checkDebugAarMetadata UP-TO-DATE
> Task :app:generateDebugResValues UP-TO-DATE
> Task :app:mapDebugSourceSetPaths UP-TO-DATE
> Task :app:generateDebugResources UP-TO-DATE
> Task :app:mergeDebugResources UP-TO-DATE
> Task :app:packageDebugResources UP-TO-DATE
> Task :app:parseDebugLocalResources UP-TO-DATE
> Task :app:createDebugCompatibleScreenManifests UP-TO-DATE
> Task :app:extractDeepLinksDebug UP-TO-DATE
> Task :app:processDebugMainManifest UP-TO-DATE
> Task :app:processDebugManifest UP-TO-DATE
> Task :app:processDebugManifestForPackage UP-TO-DATE
> Task :app:processDebugResources UP-TO-DATE
> Task :app:compileDebugKotlin UP-TO-DATE
> Task :app:javaPreCompileDebug UP-TO-DATE
> Task :app:compileDebugJavaWithJavac NO-SOURCE
> Task :app:mergeDebugShaders UP-TO-DATE
> Task :app:compileDebugShaders NO-SOURCE
> Task :app:generateDebugAssets UP-TO-DATE
> Task :app:mergeDebugAssets UP-TO-DATE
> Task :app:compressDebugAssets UP-TO-DATE
> Task :app:processDebugJavaRes UP-TO-DATE
> Task :app:mergeDebugJavaResource UP-TO-DATE
> Task :app:checkDebugDuplicateClasses UP-TO-DATE
> Task :app:desugarDebugFileDependencies UP-TO-DATE
> Task :app:mergeExtDexDebug UP-TO-DATE
> Task :app:mergeLibDexDebug UP-TO-DATE
> Task :app:dexBuilderDebug UP-TO-DATE
> Task :app:mergeProjectDexDebug UP-TO-DATE
> Task :app:configureCMakeDebug[arm64-v8a]

> Task :app:buildCMakeDebug[arm64-v8a]
C/C++: ninja: Entering directory `/Users/apple/Documents/ashish/LLMApp/app/.cxx/Debug/z173g242/arm64-v8a'
C/C++: /Users/apple/Library/Android/sdk/ndk/27.0.12077973/toolchains/llvm/prebuilt/darwin-x86_64/bin/clang++ --target=aarch64-none-linux-android29 --sysroot=/Users/apple/Library/Android/sdk/ndk/27.0.12077973/toolchains/llvm/prebuilt/darwin-x86_64/sysroot -DGGML_COMMIT=\"manual\" -DGGML_USE_CPU -DGGML_VERSION=\"1.0.0\" -I/Users/apple/Documents/ashish/LLMApp/app/src/main/cpp/llama/include -I/Users/apple/Documents/ashish/LLMApp/app/src/main/cpp/llama/src -I/Users/apple/Documents/ashish/LLMApp/app/src/main/cpp/llama/ggml/include -I/Users/apple/Documents/ashish/LLMApp/app/src/main/cpp/llama/ggml/src -I/Users/apple/Documents/ashish/LLMApp/app/src/main/cpp/llama/ggml/src/ggml-cpu -g -DANDROID -fdata-sections -ffunction-sections -funwind-tables -fstack-protector-strong -no-canonical-prefixes -D_FORTIFY_SOURCE=2 -Wformat -Werror=format-security   -fno-limit-debug-info  -fPIC -MD -MT CMakeFiles/llama.dir/llama/ggml/src/ggml-cpu/kleidiai/kernels.cpp.o -MF CMakeFiles/llama.dir/llama/ggml/src/ggml-cpu/kleidiai/kernels.cpp.o.d -o CMakeFiles/llama.dir/llama/ggml/src/ggml-cpu/kleidiai/kernels.cpp.o -c /Users/apple/Documents/ashish/LLMApp/app/src/main/cpp/llama/ggml/src/ggml-cpu/kleidiai/kernels.cpp
C/C++: /Users/apple/Documents/ashish/LLMApp/app/src/main/cpp/llama/ggml/src/ggml-cpu/kleidiai/kernels.cpp:6:10: fatal error: 'kai_matmul_clamp_f32_qsi8d32p_qsi4c32p_interface.h' file not found
C/C++:     6 | #include "kai_matmul_clamp_f32_qsi8d32p_qsi4c32p_interface.h"
C/C++:       |          ^~~~~~~~~~~~~~~~~~~~~~~~~~~~~~~~~~~~~~~~~~~~~~~~~~~~
C/C++: 1 error generated.
C/C++: /Users/apple/Library/Android/sdk/ndk/27.0.12077973/toolchains/llvm/prebuilt/darwin-x86_64/bin/clang++ --target=aarch64-none-linux-android29 --sysroot=/Users/apple/Library/Android/sdk/ndk/27.0.12077973/toolchains/llvm/prebuilt/darwin-x86_64/sysroot -DGGML_COMMIT=\"manual\" -DGGML_USE_CPU -DGGML_VERSION=\"1.0.0\" -I/Users/apple/Documents/ashish/LLMApp/app/src/main/cpp/llama/include -I/Users/apple/Documents/ashish/LLMApp/app/src/main/cpp/llama/src -I/Users/apple/Documents/ashish/LLMApp/app/src/main/cpp/llama/ggml/include -I/Users/apple/Documents/ashish/LLMApp/app/src/main/cpp/llama/ggml/src -I/Users/apple/Documents/ashish/LLMApp/app/src/main/cpp/llama/ggml/src/ggml-cpu -g -DANDROID -fdata-sections -ffunction-sections -funwind-tables -fstack-protector-strong -no-canonical-prefixes -D_FORTIFY_SOURCE=2 -Wformat -Werror=format-security   -fno-limit-debug-info  -fPIC -MD -MT CMakeFiles/llama.dir/llama/ggml/src/ggml-cpu/kleidiai/kleidiai.cpp.o -MF CMakeFiles/llama.dir/llama/ggml/src/ggml-cpu/kleidiai/kleidiai.cpp.o.d -o CMakeFiles/llama.dir/llama/ggml/src/ggml-cpu/kleidiai/kleidiai.cpp.o -c /Users/apple/Documents/ashish/LLMApp/app/src/main/cpp/llama/ggml/src/ggml-cpu/kleidiai/kleidiai.cpp
C/C++: /Users/apple/Documents/ashish/LLMApp/app/src/main/cpp/llama/ggml/src/ggml-cpu/kleidiai/kleidiai.cpp:48:10: fatal error: 'kai_common.h' file not found
C/C++:    48 | #include "kai_common.h"
C/C++:       |          ^~~~~~~~~~~~~~
C/C++: 1 error generated.

> Task :app:buildCMakeDebug[arm64-v8a] FAILED

FAILURE: Build failed with an exception.

* What went wrong:
Execution failed for task ':app:buildCMakeDebug[arm64-v8a]'.
> com.android.ide.common.process.ProcessException: ninja: Entering directory `/Users/apple/Documents/ashish/LLMApp/app/.cxx/Debug/z173g242/arm64-v8a'
  [1/97] Building CXX object CMakeFiles/llama.dir/llama/ggml/src/ggml-cpu/kleidiai/kernels.cpp.o
  FAILED: CMakeFiles/llama.dir/llama/ggml/src/ggml-cpu/kleidiai/kernels.cpp.o 
  /Users/apple/Library/Android/sdk/ndk/27.0.12077973/toolchains/llvm/prebuilt/darwin-x86_64/bin/clang++ --target=aarch64-none-linux-android29 --sysroot=/Users/apple/Library/Android/sdk/ndk/27.0.12077973/toolchains/llvm/prebuilt/darwin-x86_64/sysroot -DGGML_COMMIT=\"manual\" -DGGML_USE_CPU -DGGML_VERSION=\"1.0.0\" -I/Users/apple/Documents/ashish/LLMApp/app/src/main/cpp/llama/include -I/Users/apple/Documents/ashish/LLMApp/app/src/main/cpp/llama/src -I/Users/apple/Documents/ashish/LLMApp/app/src/main/cpp/llama/ggml/include -I/Users/apple/Documents/ashish/LLMApp/app/src/main/cpp/llama/ggml/src -I/Users/apple/Documents/ashish/LLMApp/app/src/main/cpp/llama/ggml/src/ggml-cpu -g -DANDROID -fdata-sections -ffunction-sections -funwind-tables -fstack-protector-strong -no-canonical-prefixes -D_FORTIFY_SOURCE=2 -Wformat -Werror=format-security   -fno-limit-debug-info  -fPIC -MD -MT CMakeFiles/llama.dir/llama/ggml/src/ggml-cpu/kleidiai/kernels.cpp.o -MF CMakeFiles/llama.dir/llama/ggml/src/ggml-cpu/kleidiai/kernels.cpp.o.d -o CMakeFiles/llama.dir/llama/ggml/src/ggml-cpu/kleidiai/kernels.cpp.o -c /Users/apple/Documents/ashish/LLMApp/app/src/main/cpp/llama/ggml/src/ggml-cpu/kleidiai/kernels.cpp
  /Users/apple/Documents/ashish/LLMApp/app/src/main/cpp/llama/ggml/src/ggml-cpu/kleidiai/kernels.cpp:6:10: fatal error: 'kai_matmul_clamp_f32_qsi8d32p_qsi4c32p_interface.h' file not found
      6 | #include "kai_matmul_clamp_f32_qsi8d32p_qsi4c32p_interface.h"
        |          ^~~~~~~~~~~~~~~~~~~~~~~~~~~~~~~~~~~~~~~~~~~~~~~~~~~~
  1 error generated.
  [2/97] Building CXX object CMakeFiles/llama.dir/llama/ggml/src/ggml-cpu/kleidiai/kleidiai.cpp.o
  FAILED: CMakeFiles/llama.dir/llama/ggml/src/ggml-cpu/kleidiai/kleidiai.cpp.o 
  /Users/apple/Library/Android/sdk/ndk/27.0.12077973/toolchains/llvm/prebuilt/darwin-x86_64/bin/clang++ --target=aarch64-none-linux-android29 --sysroot=/Users/apple/Library/Android/sdk/ndk/27.0.12077973/toolchains/llvm/prebuilt/darwin-x86_64/sysroot -DGGML_COMMIT=\"manual\" -DGGML_USE_CPU -DGGML_VERSION=\"1.0.0\" -I/Users/apple/Documents/ashish/LLMApp/app/src/main/cpp/llama/include -I/Users/apple/Documents/ashish/LLMApp/app/src/main/cpp/llama/src -I/Users/apple/Documents/ashish/LLMApp/app/src/main/cpp/llama/ggml/include -I/Users/apple/Documents/ashish/LLMApp/app/src/main/cpp/llama/ggml/src -I/Users/apple/Documents/ashish/LLMApp/app/src/main/cpp/llama/ggml/src/ggml-cpu -g -DANDROID -fdata-sections -ffunction-sections -funwind-tables -fstack-protector-strong -no-canonical-prefixes -D_FORTIFY_SOURCE=2 -Wformat -Werror=format-security   -fno-limit-debug-info  -fPIC -MD -MT CMakeFiles/llama.dir/llama/ggml/src/ggml-cpu/kleidiai/kleidiai.cpp.o -MF CMakeFiles/llama.dir/llama/ggml/src/ggml-cpu/kleidiai/kleidiai.cpp.o.d -o CMakeFiles/llama.dir/llama/ggml/src/ggml-cpu/kleidiai/kleidiai.cpp.o -c /Users/apple/Documents/ashish/LLMApp/app/src/main/cpp/llama/ggml/src/ggml-cpu/kleidiai/kleidiai.cpp
  /Users/apple/Documents/ashish/LLMApp/app/src/main/cpp/llama/ggml/src/ggml-cpu/kleidiai/kleidiai.cpp:48:10: fatal error: 'kai_common.h' file not found
     48 | #include "kai_common.h"
        |          ^~~~~~~~~~~~~~
  1 error generated.
  [3/97] Building CXX object CMakeFiles/llama.dir/llama/src/models/exaone-moe.cpp.o
  [4/97] Building CXX object CMakeFiles/llama.dir/llama/src/models/falcon.cpp.o
  [5/97] Building CXX object CMakeFiles/llama.dir/llama/src/models/exaone.cpp.o
  [6/97] Building CXX object CMakeFiles/llama.dir/llama/src/models/gemma-embedding.cpp.o
  [7/97] Building CXX object CMakeFiles/llama.dir/llama/src/models/dream.cpp.o
  [8/97] Building CXX object CMakeFiles/llama.dir/llama/src/models/eurobert.cpp.o
  [9/97] Building CXX object CMakeFiles/llama.dir/llama/src/models/falcon-h1.cpp.o
  [10/97] Building CXX object CMakeFiles/llama.dir/llama/src/models/gemma.cpp.o
  [11/97] Building CXX object CMakeFiles/llama.dir/llama/src/models/gemma2-iswa.cpp.o
  [12/97] Building CXX object CMakeFiles/llama.dir/llama/src/models/dots1.cpp.o
  [13/97] Building CXX object CMakeFiles/llama.dir/llama/src/models/ernie4-5-moe.cpp.o
  [14/97] Building CXX object CMakeFiles/llama.dir/llama/src/models/ernie4-5.cpp.o
  [15/97] Building CXX object CMakeFiles/llama.dir/llama/src/models/exaone4.cpp.o
  [16/97] Building CXX object CMakeFiles/llama.dir/llama/src/models/gemma3.cpp.o
  [17/97] Building CXX object CMakeFiles/llama.dir/llama/src/models/gemma3n-iswa.cpp.o
  [18/97] Building CXX object CMakeFiles/llama.dir/llama/src/models/delta-net-base.cpp.o
  ninja: build stopped: subcommand failed.
  
  C++ build system [build] failed while executing:
      /Users/apple/Library/Android/sdk/cmake/3.22.1/bin/ninja \
        -C \
        /Users/apple/Documents/ashish/LLMApp/app/.cxx/Debug/z173g242/arm64-v8a \
        llm_jni
    from /Users/apple/Documents/ashish/LLMApp/app

* Try:
> Run with --stacktrace option to get the stack trace.
> Run with --info or --debug option to get more log output.
> Run with --scan to get full insights.
> Get more help at https://help.gradle.org.

BUILD FAILED in 6s
28 actionable tasks: 2 executed, 26 up-to-date
