> Task :app:preBuild UP-TO-DATE
> Task :app:preDebugBuild UP-TO-DATE
> Task :app:mergeDebugNativeDebugMetadata NO-SOURCE
> Task :app:checkKotlinGradlePluginConfigurationErrors SKIPPED
> Task :app:checkDebugAarMetadata UP-TO-DATE
> Task :app:generateDebugResValues UP-TO-DATE
> Task :app:mapDebugSourceSetPaths UP-TO-DATE
> Task :app:generateDebugResources UP-TO-DATE
> Task :app:mergeDebugResources UP-TO-DATE
> Task :app:packageDebugResources UP-TO-DATE
> Task :app:parseDebugLocalResources UP-TO-DATE
> Task :app:createDebugCompatibleScreenManifests UP-TO-DATE
> Task :app:extractDeepLinksDebug UP-TO-DATE
> Task :app:processDebugMainManifest UP-TO-DATE
> Task :app:processDebugManifest UP-TO-DATE
> Task :app:processDebugManifestForPackage UP-TO-DATE
> Task :app:processDebugResources UP-TO-DATE
> Task :app:javaPreCompileDebug UP-TO-DATE
> Task :app:mergeDebugShaders UP-TO-DATE
> Task :app:compileDebugShaders NO-SOURCE
> Task :app:generateDebugAssets UP-TO-DATE
> Task :app:mergeDebugAssets UP-TO-DATE
> Task :app:compressDebugAssets UP-TO-DATE
> Task :app:desugarDebugFileDependencies UP-TO-DATE
> Task :app:checkDebugDuplicateClasses UP-TO-DATE
> Task :app:mergeExtDexDebug UP-TO-DATE
> Task :app:mergeLibDexDebug UP-TO-DATE
> Task :app:mergeDebugJniLibFolders UP-TO-DATE
> Task :app:mergeDebugNativeLibs UP-TO-DATE
> Task :app:stripDebugDebugSymbols UP-TO-DATE
> Task :app:validateSigningDebug UP-TO-DATE
> Task :app:writeDebugAppMetadata UP-TO-DATE
> Task :app:writeDebugSigningConfigVersions UP-TO-DATE
> Task :app:kspDebugKotlin

> Task :app:compileDebugKotlin
w: file:///C:/Users/ashis/Desktop/LLMApp/app/src/main/java/com/example/llmapp/ChatViewModel.kt:929:167 Java type mismatch: inferred type is 'Nothing?', but 'String' was expected.
w: file:///C:/Users/ashis/Desktop/LLMApp/app/src/main/java/com/example/llmapp/ChatViewModel.kt:929:199 Java type mismatch: inferred type is 'Nothing?', but 'String' was expected.
w: file:///C:/Users/ashis/Desktop/LLMApp/app/src/main/java/com/example/llmapp/FileUtils.kt:91:62 Unnecessary non-null assertion (!!) on a non-null receiver of type 'String'.
w: file:///C:/Users/ashis/Desktop/LLMApp/app/src/main/java/com/example/llmapp/MainActivity.kt:60:46 'val defaultDisplay: Display!' is deprecated. Deprecated in Java.
w: file:///C:/Users/ashis/Desktop/LLMApp/app/src/main/java/com/example/llmapp/core/history/ChatHistoryManager.kt:167:54 Java type mismatch: inferred type is 'Nothing?', but 'String' was expected.
w: file:///C:/Users/ashis/Desktop/LLMApp/app/src/main/java/com/example/llmapp/core/history/ChatHistoryManager.kt:168:60 Java type mismatch: inferred type is 'Nothing?', but 'String' was expected.
w: file:///C:/Users/ashis/Desktop/LLMApp/app/src/main/java/com/example/llmapp/core/retrieval/EmbeddingManager.kt:75:56 Unchecked cast of 'Any!' to 'Array<Array<FloatArray>>'.
w: file:///C:/Users/ashis/Desktop/LLMApp/app/src/main/java/com/example/llmapp/core/runtime/CognitiveTaskScheduler.kt:219:55 Unnecessary non-null assertion (!!) on a non-null receiver of type 'MatchResult'.
w: file:///C:/Users/ashis/Desktop/LLMApp/app/src/main/java/com/example/llmapp/ui/settings/utils/TtsUtils.kt:33:24 Unnecessary safe call on a non-null receiver of type 'TextToSpeech'.

> Task :app:compileDebugJavaWithJavac UP-TO-DATE
> Task :app:dexBuilderDebug
> Task :app:mergeDebugGlobalSynthetics UP-TO-DATE
> Task :app:processDebugJavaRes UP-TO-DATE
> Task :app:mergeDebugJavaResource UP-TO-DATE
> Task :app:mergeProjectDexDebug
> Task :app:packageDebug
> Task :app:createDebugApkListingFileRedirect UP-TO-DATE
> Task :app:assembleDebug

BUILD SUCCESSFUL in 53s
37 actionable tasks: 5 executed, 32 up-to-date
